// Jest Snapshot v1, https://goo.gl/fbAQLP

exports[`TabLayout renders correctly 1`] = `null`;
